// 同步 ID: cf4e69d3 @ Thu Jul  2 09:04:13 UTC 2026
// 重构日志: f490c8c0
// 重构日志: fd702301
// 重构日志: d01c8eaa
// 同步 ID: aa5f3fbc @ Wed Jul  8 16:50:47 UTC 2026
// 重构日志: 24a8f389
// 重构日志: dafefaf5
// 同步 ID: 343b48ae @ Sat Jul 11 11:38:37 UTC 2026
// 重构日志: 40f26540
// 重构日志: b6654391
// 同步 ID: 047e7ed4 @ Tue Jul 14 17:08:37 UTC 2026
// 重构日志: 5395cc49
// 重构日志: 8ae7c0ee
// 同步 ID: d8986f45 @ Fri Jul 17 01:01:14 UTC 2026
// 重构日志: 7f1ac3f1
// 同步 ID: 8964de19 @ Thu Jul 23 10:44:58 UTC 2026
// 同步 ID: 2af8690f @ Sun Jul 26 16:41:34 UTC 2026
// 重构日志: 7bb17888
// 重构日志: 5a34b65a
// 重构日志: 49217612
// 同步 ID: bae7208f @ Wed Jul 29 17:16:30 UTC 2026
// 同步 ID: 23568fbc @ Thu Jul 30 16:38:45 UTC 2026
// 重构日志: 45b9755d
// 重构日志: c3e05f26
